[m-92df93.ingress-earth.ewp.live/movies/index.html]
[backblue.gif]
[fade.gif]
[index.html]
[m-92df93.ingress-earth.ewp.live/movies/include/css/bootstrap.min.css]
[use.fontawesome.com/releases/v5.6.3/css/all.css]
[m-92df93.ingress-earth.ewp.live/movies/include/css/inctest.css]
[m-92df93.ingress-earth.ewp.live/movies/include/css/main30f4.css]
[m-92df93.ingress-earth.ewp.live/movies/include/css/home.css]
[m-92df93.ingress-earth.ewp.live/movies/index-2.html]
[m-92df93.ingress-earth.ewp.live/movies/include/js/jquery.min.js]
[m-92df93.ingress-earth.ewp.live/movies/include/js/bootstrap.min.js]
[m-92df93.ingress-earth.ewp.live/movies/GET.8.delayed]
[m-92df93.ingress-earth.ewp.live/movies/livesearch03d2.html]
[m-92df93.ingress-earth.ewp.live/movies/index.html]
[m-92df93.ingress-earth.ewp.live/movies/include/css/bootstrap.min.css]
[mdbootstrap.com/img/Photos/Others/sidenav1.jpg]
[m-92df93.ingress-earth.ewp.live/movies/include/css/inctest.css]
[use.fontawesome.com/releases/v5.6.3/css/all.css]
[www.plex.tv/wp-content/uploads/2021/04/plex-splash-screen-04-30-21-new-1440x810.png]
[m-92df93.ingress-earth.ewp.live/movies/include/css/main30f4.css]
[m-92df93.ingress-earth.ewp.live/movies/include/css/home.css]
[m-92df93.ingress-earth.ewp.live/movies/index-2.html]
[m-92df93.ingress-earth.ewp.live/movies/GET.html]
[m-92df93.ingress-earth.ewp.live/movies/n/A.35.delayed]
[pbs.twimg.com/profile_images/959092900708544512/v4Db9QRv_bigger.jpg]
[m-92df93.ingress-earth.ewp.live/movies/livesearch03d2.html]
[m-92df93.ingress-earth.ewp.live/movies/include/font/roboto/Roboto-Thin.html]
[m-92df93.ingress-earth.ewp.live/movies/include/font/roboto/Roboto-Thind41d.html]
[m-92df93.ingress-earth.ewp.live/movies/include/font/roboto/Roboto-Thin-2.html]
[m-92df93.ingress-earth.ewp.live/movies/include/font/roboto/Roboto-Thin-3.html]
[m-92df93.ingress-earth.ewp.live/movies/include/font/roboto/Roboto-Thin-4.html]
[m-92df93.ingress-earth.ewp.live/movies/include/font/roboto/Roboto-Light.html]
[m-92df93.ingress-earth.ewp.live/movies/include/font/roboto/Roboto-Lightd41d.html]
[m-92df93.ingress-earth.ewp.live/movies/include/font/roboto/Roboto-Light-2.html]
[m-92df93.ingress-earth.ewp.live/movies/include/font/roboto/Roboto-Light-3.html]
[m-92df93.ingress-earth.ewp.live/movies/include/font/roboto/Roboto-Light-4.html]
[m-92df93.ingress-earth.ewp.live/movies/include/font/roboto/Roboto-Regular.html]
[m-92df93.ingress-earth.ewp.live/movies/include/font/roboto/Roboto-Regulard41d.html]
[m-92df93.ingress-earth.ewp.live/movies/include/font/roboto/Roboto-Regular-2.html]
[m-92df93.ingress-earth.ewp.live/movies/include/font/roboto/Roboto-Regular-3.html]
[m-92df93.ingress-earth.ewp.live/movies/include/font/roboto/Roboto-Regular-4.html]
[m-92df93.ingress-earth.ewp.live/movies/include/font/roboto/Roboto-Medium.html]
[m-92df93.ingress-earth.ewp.live/movies/include/font/roboto/Roboto-Mediumd41d.html]
[m-92df93.ingress-earth.ewp.live/movies/include/font/roboto/Roboto-Medium-2.html]
[m-92df93.ingress-earth.ewp.live/movies/include/font/roboto/Roboto-Medium-3.html]
[m-92df93.ingress-earth.ewp.live/movies/include/font/roboto/Roboto-Medium-4.html]
[m-92df93.ingress-earth.ewp.live/movies/include/font/roboto/Roboto-Bold.html]
[m-92df93.ingress-earth.ewp.live/movies/include/font/roboto/Roboto-Boldd41d.html]
[m-92df93.ingress-earth.ewp.live/movies/include/font/roboto/Roboto-Bold-2.html]
[m-92df93.ingress-earth.ewp.live/movies/include/font/roboto/Roboto-Bold-3.html]
[m-92df93.ingress-earth.ewp.live/movies/include/font/roboto/Roboto-Bold-4.html]
[m-92df93.ingress-earth.ewp.live/movies/include/img/overlays/01.html]
[m-92df93.ingress-earth.ewp.live/movies/include/img/overlays/02.html]
[m-92df93.ingress-earth.ewp.live/movies/include/img/overlays/03.html]
[m-92df93.ingress-earth.ewp.live/movies/include/img/overlays/04.html]
[m-92df93.ingress-earth.ewp.live/movies/include/img/overlays/05.html]
[m-92df93.ingress-earth.ewp.live/movies/include/img/overlays/06.html]
[m-92df93.ingress-earth.ewp.live/movies/include/img/overlays/07.html]
[m-92df93.ingress-earth.ewp.live/movies/include/img/overlays/08.html]
[m-92df93.ingress-earth.ewp.live/movies/include/img/overlays/09.html]
[m-92df93.ingress-earth.ewp.live/movies/include/img/svg/arrow_left.html]
[m-92df93.ingress-earth.ewp.live/movies/include/img/svg/arrow_right.html]
[m-92df93.ingress-earth.ewp.live/movies/include/img/lightbox/default-skin.html]
[m-92df93.ingress-earth.ewp.live/movies/include/img/lightbox/default-skin-2.html]
[m-92df93.ingress-earth.ewp.live/movies/include/img/lightbox/preloader.html]
[m-92df93.ingress-earth.ewp.live/movies/icons/cross-inverse.html]
[m-92df93.ingress-earth.ewp.live/movies/icons/cross.html]
[m-92df93.ingress-earth.ewp.live/movies/n/A.html]
